2026-04-26 17:48:09,431 [Worker-3: Loading available Gradle versions] INFO  o.e.b.c.i.u.g.PublishedGradleVersions - Gradle version information cache is not available. Remote download required.
2026-04-26 17:50:11,466 [Worker-7: Loading available Gradle versions] INFO  o.e.b.c.i.u.g.PublishedGradleVersions - Gradle version information cache is up-to-date. Trying to read.
2026-04-26 17:51:15,101 [ModalContext] INFO  o.e.m.c.i.e.AbstractTransferListenerAdapter - Downloading https://repo.maven.apache.org/maven2/am/ik/archetype/graalvm-springmvc-blank-archetype/0.1.2/graalvm-springmvc-blank-archetype-0.1.2.pom
2026-04-26 17:51:15,108 [ModalContext] INFO  o.e.m.c.i.e.AbstractTransferListenerAdapter - Downloaded https://repo.maven.apache.org/maven2/am/ik/archetype/graalvm-springmvc-blank-archetype/0.1.2/graalvm-springmvc-blank-archetype-0.1.2.pom
2026-04-26 17:51:15,305 [ModalContext] INFO  o.e.m.c.i.e.AbstractTransferListenerAdapter - Downloading https://repo.maven.apache.org/maven2/am/ik/archetype/graalvm-springmvc-blank-archetype/0.1.2/graalvm-springmvc-blank-archetype-0.1.2.jar
2026-04-26 17:51:15,413 [ModalContext] INFO  o.e.m.c.i.e.AbstractTransferListenerAdapter - Downloaded https://repo.maven.apache.org/maven2/am/ik/archetype/graalvm-springmvc-blank-archetype/0.1.2/graalvm-springmvc-blank-archetype-0.1.2.jar
2026-04-26 17:51:22,434 [Worker-2: Launching mavenrun-58541831-92f3-485c-908f-e20e569a619b] INFO  o.eclipse.m2e.core.internal.Bundles - getClasspathEntries(Bundle=org.eclipse.m2e.maven.runtime_3.9.1200.20260112-2306 [370])
2026-04-26 17:51:22,434 [Worker-2: Launching mavenrun-58541831-92f3-485c-908f-e20e569a619b] INFO  o.eclipse.m2e.core.internal.Bundles - 	Entry: /Applications/SpringToolsForEclipse.app/Contents/Eclipse/plugins/org.eclipse.m2e.maven.runtime_3.9.1200.20260112-2306
2026-04-26 17:51:22,435 [Worker-2: Launching mavenrun-58541831-92f3-485c-908f-e20e569a619b] INFO  o.eclipse.m2e.core.internal.Bundles - 	Entry: /Applications/SpringToolsForEclipse.app/Contents/Eclipse/plugins/org.eclipse.m2e.maven.runtime_3.9.1200.20260112-2306/jars/aopalliance-1.0.jar
2026-04-26 17:51:22,435 [Worker-2: Launching mavenrun-58541831-92f3-485c-908f-e20e569a619b] INFO  o.eclipse.m2e.core.internal.Bundles - 	Entry: /Applications/SpringToolsForEclipse.app/Contents/Eclipse/plugins/org.eclipse.m2e.maven.runtime_3.9.1200.20260112-2306/jars/asm-9.9.jar
2026-04-26 17:51:22,435 [Worker-2: Launching mavenrun-58541831-92f3-485c-908f-e20e569a619b] INFO  o.eclipse.m2e.core.internal.Bundles - 	Entry: /Applications/SpringToolsForEclipse.app/Contents/Eclipse/plugins/org.eclipse.m2e.maven.runtime_3.9.1200.20260112-2306/jars/error_prone_annotations-2.41.0.jar
2026-04-26 17:51:22,435 [Worker-2: Launching mavenrun-58541831-92f3-485c-908f-e20e569a619b] INFO  o.eclipse.m2e.core.internal.Bundles - 	Entry: /Applications/SpringToolsForEclipse.app/Contents/Eclipse/plugins/org.eclipse.m2e.maven.runtime_3.9.1200.20260112-2306/jars/gson-2.13.2.jar
2026-04-26 17:51:22,435 [Worker-2: Launching mavenrun-58541831-92f3-485c-908f-e20e569a619b] INFO  o.eclipse.m2e.core.internal.Bundles - 	Entry: /Applications/SpringToolsForEclipse.app/Contents/Eclipse/plugins/org.eclipse.m2e.maven.runtime_3.9.1200.20260112-2306/jars/guice-5.1.0-classes.jar
2026-04-26 17:51:22,435 [Worker-2: Launching mavenrun-58541831-92f3-485c-908f-e20e569a619b] INFO  o.eclipse.m2e.core.internal.Bundles - 	Entry: /Applications/SpringToolsForEclipse.app/Contents/Eclipse/plugins/org.eclipse.m2e.maven.runtime_3.9.1200.20260112-2306/jars/httpclient-4.5.14.jar
2026-04-26 17:51:22,435 [Worker-2: Launching mavenrun-58541831-92f3-485c-908f-e20e569a619b] INFO  o.eclipse.m2e.core.internal.Bundles - 	Entry: /Applications/SpringToolsForEclipse.app/Contents/Eclipse/plugins/org.eclipse.m2e.maven.runtime_3.9.1200.20260112-2306/jars/httpcore-4.4.16.jar
2026-04-26 17:51:22,435 [Worker-2: Launching mavenrun-58541831-92f3-485c-908f-e20e569a619b] INFO  o.eclipse.m2e.core.internal.Bundles - 	Entry: /Applications/SpringToolsForEclipse.app/Contents/Eclipse/plugins/org.eclipse.m2e.maven.runtime_3.9.1200.20260112-2306/jars/jansi-2.4.2.jar
2026-04-26 17:51:22,435 [Worker-2: Launching mavenrun-58541831-92f3-485c-908f-e20e569a619b] INFO  o.eclipse.m2e.core.internal.Bundles - 	Entry: /Applications/SpringToolsForEclipse.app/Contents/Eclipse/plugins/org.eclipse.m2e.maven.runtime_3.9.1200.20260112-2306/jars/jcl-over-slf4j-1.7.36.jar
2026-04-26 17:51:22,435 [Worker-2: Launching mavenrun-58541831-92f3-485c-908f-e20e569a619b] INFO  o.eclipse.m2e.core.internal.Bundles - 	Entry: /Applications/SpringToolsForEclipse.app/Contents/Eclipse/plugins/org.eclipse.m2e.maven.runtime_3.9.1200.20260112-2306/jars/maven-artifact-3.9.12.jar
2026-04-26 17:51:22,435 [Worker-2: Launching mavenrun-58541831-92f3-485c-908f-e20e569a619b] INFO  o.eclipse.m2e.core.internal.Bundles - 	Entry: /Applications/SpringToolsForEclipse.app/Contents/Eclipse/plugins/org.eclipse.m2e.maven.runtime_3.9.1200.20260112-2306/jars/maven-builder-support-3.9.12.jar
2026-04-26 17:51:22,435 [Worker-2: Launching mavenrun-58541831-92f3-485c-908f-e20e569a619b] INFO  o.eclipse.m2e.core.internal.Bundles - 	Entry: /Applications/SpringToolsForEclipse.app/Contents/Eclipse/plugins/org.eclipse.m2e.maven.runtime_3.9.1200.20260112-2306/jars/maven-compat-3.9.12.jar
2026-04-26 17:51:22,435 [Worker-2: Launching mavenrun-58541831-92f3-485c-908f-e20e569a619b] INFO  o.eclipse.m2e.core.internal.Bundles - 	Entry: /Applications/SpringToolsForEclipse.app/Contents/Eclipse/plugins/org.eclipse.m2e.maven.runtime_3.9.1200.20260112-2306/jars/maven-core-3.9.12.jar
2026-04-26 17:51:22,435 [Worker-2: Launching mavenrun-58541831-92f3-485c-908f-e20e569a619b] INFO  o.eclipse.m2e.core.internal.Bundles - 	Entry: /Applications/SpringToolsForEclipse.app/Contents/Eclipse/plugins/org.eclipse.m2e.maven.runtime_3.9.1200.20260112-2306/jars/maven-embedder-3.9.12.jar
2026-04-26 17:51:22,435 [Worker-2: Launching mavenrun-58541831-92f3-485c-908f-e20e569a619b] INFO  o.eclipse.m2e.core.internal.Bundles - 	Entry: /Applications/SpringToolsForEclipse.app/Contents/Eclipse/plugins/org.eclipse.m2e.maven.runtime_3.9.1200.20260112-2306/jars/maven-model-3.9.12.jar
2026-04-26 17:51:22,435 [Worker-2: Launching mavenrun-58541831-92f3-485c-908f-e20e569a619b] INFO  o.eclipse.m2e.core.internal.Bundles - 	Entry: /Applications/SpringToolsForEclipse.app/Contents/Eclipse/plugins/org.eclipse.m2e.maven.runtime_3.9.1200.20260112-2306/jars/maven-model-builder-3.9.12.jar
2026-04-26 17:51:22,435 [Worker-2: Launching mavenrun-58541831-92f3-485c-908f-e20e569a619b] INFO  o.eclipse.m2e.core.internal.Bundles - 	Entry: /Applications/SpringToolsForEclipse.app/Contents/Eclipse/plugins/org.eclipse.m2e.maven.runtime_3.9.1200.20260112-2306/jars/maven-plugin-api-3.9.12.jar
2026-04-26 17:51:22,435 [Worker-2: Launching mavenrun-58541831-92f3-485c-908f-e20e569a619b] INFO  o.eclipse.m2e.core.internal.Bundles - 	Entry: /Applications/SpringToolsForEclipse.app/Contents/Eclipse/plugins/org.eclipse.m2e.maven.runtime_3.9.1200.20260112-2306/jars/maven-repository-metadata-3.9.12.jar
2026-04-26 17:51:22,435 [Worker-2: Launching mavenrun-58541831-92f3-485c-908f-e20e569a619b] INFO  o.eclipse.m2e.core.internal.Bundles - 	Entry: /Applications/SpringToolsForEclipse.app/Contents/Eclipse/plugins/org.eclipse.m2e.maven.runtime_3.9.1200.20260112-2306/jars/maven-resolver-api-1.9.25.jar
2026-04-26 17:51:22,435 [Worker-2: Launching mavenrun-58541831-92f3-485c-908f-e20e569a619b] INFO  o.eclipse.m2e.core.internal.Bundles - 	Entry: /Applications/SpringToolsForEclipse.app/Contents/Eclipse/plugins/org.eclipse.m2e.maven.runtime_3.9.1200.20260112-2306/jars/maven-resolver-connector-basic-1.9.25.jar
2026-04-26 17:51:22,435 [Worker-2: Launching mavenrun-58541831-92f3-485c-908f-e20e569a619b] INFO  o.eclipse.m2e.core.internal.Bundles - 	Entry: /Applications/SpringToolsForEclipse.app/Contents/Eclipse/plugins/org.eclipse.m2e.maven.runtime_3.9.1200.20260112-2306/jars/maven-resolver-impl-1.9.25.jar
2026-04-26 17:51:22,435 [Worker-2: Launching mavenrun-58541831-92f3-485c-908f-e20e569a619b] INFO  o.eclipse.m2e.core.internal.Bundles - 	Entry: /Applications/SpringToolsForEclipse.app/Contents/Eclipse/plugins/org.eclipse.m2e.maven.runtime_3.9.1200.20260112-2306/jars/maven-resolver-named-locks-1.9.25.jar
2026-04-26 17:51:22,435 [Worker-2: Launching mavenrun-58541831-92f3-485c-908f-e20e569a619b] INFO  o.eclipse.m2e.core.internal.Bundles - 	Entry: /Applications/SpringToolsForEclipse.app/Contents/Eclipse/plugins/org.eclipse.m2e.maven.runtime_3.9.1200.20260112-2306/jars/maven-resolver-provider-3.9.12.jar
2026-04-26 17:51:22,435 [Worker-2: Launching mavenrun-58541831-92f3-485c-908f-e20e569a619b] INFO  o.eclipse.m2e.core.internal.Bundles - 	Entry: /Applications/SpringToolsForEclipse.app/Contents/Eclipse/plugins/org.eclipse.m2e.maven.runtime_3.9.1200.20260112-2306/jars/maven-resolver-spi-1.9.25.jar
2026-04-26 17:51:22,435 [Worker-2: Launching mavenrun-58541831-92f3-485c-908f-e20e569a619b] INFO  o.eclipse.m2e.core.internal.Bundles - 	Entry: /Applications/SpringToolsForEclipse.app/Contents/Eclipse/plugins/org.eclipse.m2e.maven.runtime_3.9.1200.20260112-2306/jars/maven-resolver-transport-file-1.9.25.jar
2026-04-26 17:51:22,435 [Worker-2: Launching mavenrun-58541831-92f3-485c-908f-e20e569a619b] INFO  o.eclipse.m2e.core.internal.Bundles - 	Entry: /Applications/SpringToolsForEclipse.app/Contents/Eclipse/plugins/org.eclipse.m2e.maven.runtime_3.9.1200.20260112-2306/jars/maven-resolver-transport-http-1.9.25.jar
2026-04-26 17:51:22,435 [Worker-2: Launching mavenrun-58541831-92f3-485c-908f-e20e569a619b] INFO  o.eclipse.m2e.core.internal.Bundles - 	Entry: /Applications/SpringToolsForEclipse.app/Contents/Eclipse/plugins/org.eclipse.m2e.maven.runtime_3.9.1200.20260112-2306/jars/maven-resolver-transport-wagon-1.9.25.jar
2026-04-26 17:51:22,435 [Worker-2: Launching mavenrun-58541831-92f3-485c-908f-e20e569a619b] INFO  o.eclipse.m2e.core.internal.Bundles - 	Entry: /Applications/SpringToolsForEclipse.app/Contents/Eclipse/plugins/org.eclipse.m2e.maven.runtime_3.9.1200.20260112-2306/jars/maven-resolver-util-1.9.25.jar
2026-04-26 17:51:22,435 [Worker-2: Launching mavenrun-58541831-92f3-485c-908f-e20e569a619b] INFO  o.eclipse.m2e.core.internal.Bundles - 	Entry: /Applications/SpringToolsForEclipse.app/Contents/Eclipse/plugins/org.eclipse.m2e.maven.runtime_3.9.1200.20260112-2306/jars/maven-settings-3.9.12.jar
2026-04-26 17:51:22,436 [Worker-2: Launching mavenrun-58541831-92f3-485c-908f-e20e569a619b] INFO  o.eclipse.m2e.core.internal.Bundles - 	Entry: /Applications/SpringToolsForEclipse.app/Contents/Eclipse/plugins/org.eclipse.m2e.maven.runtime_3.9.1200.20260112-2306/jars/maven-settings-builder-3.9.12.jar
2026-04-26 17:51:22,436 [Worker-2: Launching mavenrun-58541831-92f3-485c-908f-e20e569a619b] INFO  o.eclipse.m2e.core.internal.Bundles - 	Entry: /Applications/SpringToolsForEclipse.app/Contents/Eclipse/plugins/org.eclipse.m2e.maven.runtime_3.9.1200.20260112-2306/jars/maven-shared-utils-3.4.2.jar
2026-04-26 17:51:22,436 [Worker-2: Launching mavenrun-58541831-92f3-485c-908f-e20e569a619b] INFO  o.eclipse.m2e.core.internal.Bundles - 	Entry: /Applications/SpringToolsForEclipse.app/Contents/Eclipse/plugins/org.eclipse.m2e.maven.runtime_3.9.1200.20260112-2306/jars/org.eclipse.sisu.inject-0.9.0.M4.jar
2026-04-26 17:51:22,436 [Worker-2: Launching mavenrun-58541831-92f3-485c-908f-e20e569a619b] INFO  o.eclipse.m2e.core.internal.Bundles - 	Entry: /Applications/SpringToolsForEclipse.app/Contents/Eclipse/plugins/org.eclipse.m2e.maven.runtime_3.9.1200.20260112-2306/jars/org.eclipse.sisu.plexus-0.9.0.M4.jar
2026-04-26 17:51:22,436 [Worker-2: Launching mavenrun-58541831-92f3-485c-908f-e20e569a619b] INFO  o.eclipse.m2e.core.internal.Bundles - 	Entry: /Applications/SpringToolsForEclipse.app/Contents/Eclipse/plugins/org.eclipse.m2e.maven.runtime_3.9.1200.20260112-2306/jars/plexus-build-api-0.0.7.jar
2026-04-26 17:51:22,436 [Worker-2: Launching mavenrun-58541831-92f3-485c-908f-e20e569a619b] INFO  o.eclipse.m2e.core.internal.Bundles - 	Entry: /Applications/SpringToolsForEclipse.app/Contents/Eclipse/plugins/org.eclipse.m2e.maven.runtime_3.9.1200.20260112-2306/jars/plexus-build-api-1.2.0.jar
2026-04-26 17:51:22,436 [Worker-2: Launching mavenrun-58541831-92f3-485c-908f-e20e569a619b] INFO  o.eclipse.m2e.core.internal.Bundles - 	Entry: /Applications/SpringToolsForEclipse.app/Contents/Eclipse/plugins/org.eclipse.m2e.maven.runtime_3.9.1200.20260112-2306/jars/plexus-cipher-2.0.jar
2026-04-26 17:51:22,436 [Worker-2: Launching mavenrun-58541831-92f3-485c-908f-e20e569a619b] INFO  o.eclipse.m2e.core.internal.Bundles - 	Entry: /Applications/SpringToolsForEclipse.app/Contents/Eclipse/plugins/org.eclipse.m2e.maven.runtime_3.9.1200.20260112-2306/jars/plexus-classworlds-2.9.0.jar
2026-04-26 17:51:22,436 [Worker-2: Launching mavenrun-58541831-92f3-485c-908f-e20e569a619b] INFO  o.eclipse.m2e.core.internal.Bundles - 	Entry: /Applications/SpringToolsForEclipse.app/Contents/Eclipse/plugins/org.eclipse.m2e.maven.runtime_3.9.1200.20260112-2306/jars/plexus-component-annotations-2.2.0.jar
2026-04-26 17:51:22,436 [Worker-2: Launching mavenrun-58541831-92f3-485c-908f-e20e569a619b] INFO  o.eclipse.m2e.core.internal.Bundles - 	Entry: /Applications/SpringToolsForEclipse.app/Contents/Eclipse/plugins/org.eclipse.m2e.maven.runtime_3.9.1200.20260112-2306/jars/plexus-interpolation-1.29.jar
2026-04-26 17:51:22,436 [Worker-2: Launching mavenrun-58541831-92f3-485c-908f-e20e569a619b] INFO  o.eclipse.m2e.core.internal.Bundles - 	Entry: /Applications/SpringToolsForEclipse.app/Contents/Eclipse/plugins/org.eclipse.m2e.maven.runtime_3.9.1200.20260112-2306/jars/plexus-sec-dispatcher-2.0.jar
2026-04-26 17:51:22,436 [Worker-2: Launching mavenrun-58541831-92f3-485c-908f-e20e569a619b] INFO  o.eclipse.m2e.core.internal.Bundles - 	Entry: /Applications/SpringToolsForEclipse.app/Contents/Eclipse/plugins/org.eclipse.m2e.maven.runtime_3.9.1200.20260112-2306/jars/plexus-utils-3.6.0.jar
2026-04-26 17:51:22,436 [Worker-2: Launching mavenrun-58541831-92f3-485c-908f-e20e569a619b] INFO  o.eclipse.m2e.core.internal.Bundles - 	Entry: /Applications/SpringToolsForEclipse.app/Contents/Eclipse/plugins/org.eclipse.m2e.maven.runtime_3.9.1200.20260112-2306/jars/wagon-file-3.5.3.jar
2026-04-26 17:51:22,436 [Worker-2: Launching mavenrun-58541831-92f3-485c-908f-e20e569a619b] INFO  o.eclipse.m2e.core.internal.Bundles - 	Entry: /Applications/SpringToolsForEclipse.app/Contents/Eclipse/plugins/org.eclipse.m2e.maven.runtime_3.9.1200.20260112-2306/jars/wagon-http-3.5.3.jar
2026-04-26 17:51:22,436 [Worker-2: Launching mavenrun-58541831-92f3-485c-908f-e20e569a619b] INFO  o.eclipse.m2e.core.internal.Bundles - 	Entry: /Applications/SpringToolsForEclipse.app/Contents/Eclipse/plugins/org.eclipse.m2e.maven.runtime_3.9.1200.20260112-2306/jars/wagon-http-shared-3.5.3.jar
2026-04-26 17:51:22,436 [Worker-2: Launching mavenrun-58541831-92f3-485c-908f-e20e569a619b] INFO  o.eclipse.m2e.core.internal.Bundles - 	Entry: /Applications/SpringToolsForEclipse.app/Contents/Eclipse/plugins/org.eclipse.m2e.maven.runtime_3.9.1200.20260112-2306/jars/wagon-provider-api-3.5.3.jar
2026-04-26 17:51:22,436 [Worker-2: Launching mavenrun-58541831-92f3-485c-908f-e20e569a619b] INFO  o.eclipse.m2e.core.internal.Bundles - getClasspathEntries(Bundle=com.google.guava_33.5.0.jre [31])
2026-04-26 17:51:22,436 [Worker-2: Launching mavenrun-58541831-92f3-485c-908f-e20e569a619b] INFO  o.eclipse.m2e.core.internal.Bundles - 	Entry: /Applications/SpringToolsForEclipse.app/Contents/Eclipse/plugins/com.google.guava_33.5.0.jre.jar
2026-04-26 17:51:22,436 [Worker-2: Launching mavenrun-58541831-92f3-485c-908f-e20e569a619b] INFO  o.eclipse.m2e.core.internal.Bundles - getClasspathEntries(Bundle=slf4j.api_2.0.17 [618])
2026-04-26 17:51:22,436 [Worker-2: Launching mavenrun-58541831-92f3-485c-908f-e20e569a619b] INFO  o.eclipse.m2e.core.internal.Bundles - 	Entry: /Applications/SpringToolsForEclipse.app/Contents/Eclipse/plugins/slf4j.api_2.0.17.jar
2026-04-26 17:51:22,436 [Worker-2: Launching mavenrun-58541831-92f3-485c-908f-e20e569a619b] INFO  o.eclipse.m2e.core.internal.Bundles - getClasspathEntries(Bundle=jakarta.inject.jakarta.inject-api_1.0.5 [46])
2026-04-26 17:51:22,436 [Worker-2: Launching mavenrun-58541831-92f3-485c-908f-e20e569a619b] INFO  o.eclipse.m2e.core.internal.Bundles - 	Entry: /Applications/SpringToolsForEclipse.app/Contents/Eclipse/plugins/jakarta.inject.jakarta.inject-api_1.0.5.jar
2026-04-26 17:51:22,436 [Worker-2: Launching mavenrun-58541831-92f3-485c-908f-e20e569a619b] INFO  o.eclipse.m2e.core.internal.Bundles - getClasspathEntries(Bundle=jakarta.annotation-api_1.3.5 [43])
2026-04-26 17:51:22,436 [Worker-2: Launching mavenrun-58541831-92f3-485c-908f-e20e569a619b] INFO  o.eclipse.m2e.core.internal.Bundles - 	Entry: /Applications/SpringToolsForEclipse.app/Contents/Eclipse/plugins/jakarta.annotation-api_1.3.5.jar
2026-04-26 17:51:22,436 [Worker-2: Launching mavenrun-58541831-92f3-485c-908f-e20e569a619b] INFO  o.eclipse.m2e.core.internal.Bundles - getClasspathEntries(Bundle=org.apache.commons.cli_1.11.0 [86])
2026-04-26 17:51:22,436 [Worker-2: Launching mavenrun-58541831-92f3-485c-908f-e20e569a619b] INFO  o.eclipse.m2e.core.internal.Bundles - 	Entry: /Applications/SpringToolsForEclipse.app/Contents/Eclipse/plugins/org.apache.commons.cli_1.11.0.jar
2026-04-26 17:51:22,436 [Worker-2: Launching mavenrun-58541831-92f3-485c-908f-e20e569a619b] INFO  o.eclipse.m2e.core.internal.Bundles - getClasspathEntries(Bundle=org.apache.commons.commons-codec_1.21.0 [88])
2026-04-26 17:51:22,437 [Worker-2: Launching mavenrun-58541831-92f3-485c-908f-e20e569a619b] INFO  o.eclipse.m2e.core.internal.Bundles - 	Entry: /Applications/SpringToolsForEclipse.app/Contents/Eclipse/plugins/org.apache.commons.commons-codec_1.21.0.jar
2026-04-26 17:51:22,437 [Worker-2: Launching mavenrun-58541831-92f3-485c-908f-e20e569a619b] INFO  o.eclipse.m2e.core.internal.Bundles - getClasspathEntries(Bundle=com.google.guava.failureaccess_1.0.3 [32])
2026-04-26 17:51:22,437 [Worker-2: Launching mavenrun-58541831-92f3-485c-908f-e20e569a619b] INFO  o.eclipse.m2e.core.internal.Bundles - 	Entry: /Applications/SpringToolsForEclipse.app/Contents/Eclipse/plugins/com.google.guava.failureaccess_1.0.3.jar
2026-04-26 17:51:22,439 [Worker-2: Launching mavenrun-58541831-92f3-485c-908f-e20e569a619b] INFO  o.e.m.i.launch.MavenLaunchDelegate - Run build in "/var/folders/nc/q_5n2l4s34181bv7lv9vftg00000gn/T/m2e-archetypeGenerator1715828573005710584":
2026-04-26 17:51:22,441 [Worker-2: Launching mavenrun-58541831-92f3-485c-908f-e20e569a619b] INFO  o.e.m.i.launch.MavenLaunchDelegate -  mvn  -DarchetypeGroupId=am.ik.archetype -DarchetypeArtifactId=graalvm-springmvc-blank-archetype -DarchetypeVersion=0.1.2 -DgroupId=jhvjgv -DartifactId=" kbhkb" -Dversion=0.0.1-SNAPSHOT -Dpackage=jhvjgv.kbhkb -DoutputDirectory=/Users/ayushsingh/Downloads/gym-membership-system-full -Dstyle.color=always -U archetype:generate
